2026-06-04 18:14:38,625 [INFO] api: Received request to translate 99 paragraphs with batch_size=8
2026-06-04 18:14:38,626 [INFO] api: Starting batch translation of 110 chunks...
2026-06-04 18:15:19,051 [INFO] api: Request completed in 40.43 seconds.
2026-06-04 18:15:53,424 [INFO] api: Received request to translate 6 paragraphs with batch_size=8
2026-06-04 18:15:53,427 [INFO] api: Starting batch translation of 58 chunks...
2026-06-04 18:16:53,852 [INFO] api: Request completed in 60.43 seconds.
2026-06-04 18:31:41,383 [INFO] api: Received request to translate 10 paragraphs with batch_size=8
2026-06-04 18:31:41,387 [INFO] api: Starting batch translation of 85 chunks...
2026-06-04 18:32:32,075 [INFO] api: Request completed in 50.69 seconds.
2026-06-04 18:38:48,373 [INFO] api: Received request to translate 20 paragraphs with batch_size=8
2026-06-04 18:38:48,392 [INFO] api: Starting batch translation of 143 chunks...
2026-06-04 18:40:35,481 [INFO] api: Request completed in 107.11 seconds.
2026-06-04 19:25:28,833 [INFO] api: Received request to translate 9 paragraphs with batch_size=8
2026-06-04 19:25:28,844 [INFO] api: Starting batch translation of 9 chunks...
2026-06-04 19:25:36,475 [INFO] api: Request completed in 7.64 seconds.
2026-06-04 19:37:23,653 [INFO] api: Shutting down api...
2026-06-04 19:38:22,320 [INFO] api: Initializing models on startup...
2026-06-04 19:38:22,321 [INFO] api: Detected device: CPU
2026-06-04 19:38:22,322 [INFO] detector: Loading fastText language detector model from C:\Users\khatraks\Downloads\Trans\backend\models\lid.176.ftz...
2026-06-04 19:38:26,593 [INFO] api: Models loaded successfully.
2026-06-04 19:38:26,593 [INFO] api: NGROK_TOKEN detected. Setting up public tunnel...
2026-06-04 19:38:26,595 [WARNING] api: pyngrok package not found. Run 'pip install pyngrok' to enable auto-tunneling.
2026-06-04 19:38:42,536 [INFO] api: Received request to translate 10 paragraphs with batch_size=8
2026-06-04 19:38:42,540 [INFO] api: Starting batch translation of 9 chunks...
